python:gc__start generation = 0
python:gc__done collected = 0
python:gc__start generation = 1
python:gc__done collected = 0
python:gc__start generation = 2
python:gc__done collected = 0
python:gc__start generation = 2
python:gc__done collected = 1
